// Jest Snapshot v1, https://goo.gl/fbAQLP

exports[`renders correctly 1`] = `
<View
  style={
    Object {
      "alignItems": "center",
      "flexDirection": "row",
      "justifyContent": "space-between",
      "marginVertical": 10,
      "paddingHorizontal": 20,
      "width": "100%",
    }
  }
>
  <View
    style={
      Array [
        Object {
          "backgroundColor": "#fff",
          "borderRadius": 16,
          "height": 140,
          "opacity": 0.6,
          "paddingVertical": 20,
          "width": "31%",
        },
        Object {
          "shadowColor": "#00000014",
          "shadowOffset": Object {
            "height": 4,
            "width": -4,
          },
          "shadowOpacity": 1,
          "shadowRadius": 24,
        },
      ]
    }
  />
  <View
    style={
      Array [
        Object {
          "backgroundColor": "#fff",
          "borderRadius": 16,
          "height": 140,
          "opacity": 0.6,
          "paddingVertical": 20,
          "width": "31%",
        },
        Object {
          "shadowColor": "#00000014",
          "shadowOffset": Object {
            "height": 4,
            "width": -4,
          },
          "shadowOpacity": 1,
          "shadowRadius": 24,
        },
      ]
    }
  />
  <View
    style={
      Array [
        Object {
          "backgroundColor": "#fff",
          "borderRadius": 16,
          "height": 140,
          "opacity": 0.6,
          "paddingVertical": 20,
          "width": "31%",
        },
        Object {
          "shadowColor": "#00000014",
          "shadowOffset": Object {
            "height": 4,
            "width": -4,
          },
          "shadowOpacity": 1,
          "shadowRadius": 24,
        },
      ]
    }
  />
</View>
`;
